[0;34m====================================[0m
[0;34m  印刷施工单跟踪系统 - Web 前端[0m
[0;34m====================================[0m
[0;32mNode.js: v22.22.2[0m
[0;32mnpm: 10.9.7[0m
[0;34m启动开发服务器...[0m

> work-order-frontend@2.0.0 dev
> vite


  VITE v6.4.2  ready in 905 ms

  ➜  Local:   http://localhost:8080/
  ➜  Network: use --host to expose
18:03:39 [vite] (client) hmr update /src/assets/styles/tailwindcss.css, /src/views/product/ProductList.vue
18:04:03 [vite] (client) hmr update /src/assets/styles/tailwindcss.css, /src/views/product/ProductList.vue
18:04:43 [vite] (client) page reload src/api/base/BaseAPI.ts
18:05:00 [vite] (client) hmr update /src/assets/styles/tailwindcss.css, /src/views/product/ProductList.vue
18:05:08 [vite] (client) page reload src/auto-imports.d.ts
18:09:02 [vite] (client) page reload src/stores/ui.ts
18:09:18 [vite] (client) page reload src/auto-imports.d.ts
18:21:13 [vite] (client) page reload src/types/index.ts
18:21:45 [vite] (client) page reload src/api/index.ts
18:22:22 [vite] (client) hmr update /src/views/Login.vue, /src/assets/styles/tailwindcss.css
18:22:30 [vite] (client) hmr update /src/views/Login.vue, /src/assets/styles/tailwindcss.css
18:22:43 [vite] (client) hmr update /src/views/Login.vue, /src/assets/styles/tailwindcss.css
18:23:14 [vite] (client) hmr update /src/components/layout/AppHeader.vue, /src/assets/styles/tailwindcss.css
18:23:21 [vite] (client) hmr update /src/components/layout/AppHeader.vue, /src/assets/styles/tailwindcss.css
18:23:28 [vite] (client) page reload src/auto-imports.d.ts
18:23:51 [vite] (client) page reload src/auto-imports.d.ts
18:26:50 [vite] (client) page reload src/api/base/BaseAPI.ts
18:26:57 [vite] (client) page reload src/types/api.ts
18:27:08 [vite] (client) page reload src/auto-imports.d.ts
18:36:13 [vite] (client) page reload src/stores/user.ts
18:37:12 [vite] (client) page reload src/stores/ui.ts
18:38:09 [vite] (client) page reload src/stores/user.ts
18:39:07 [vite] (client) page reload src/auto-imports.d.ts
20:06:52 [vite] (client) page reload src/auto-imports.d.ts
20:08:06 [vite] (client) page reload src/auto-imports.d.ts
20:10:08 [vite] (client) page reload src/auto-imports.d.ts
20:12:07 [vite] (client) page reload src/auto-imports.d.ts
20:13:18 [vite] (client) page reload src/auto-imports.d.ts
20:41:20 [vite] (client) page reload src/auto-imports.d.ts
20:42:08 [vite] (client) page reload src/auto-imports.d.ts
20:47:15 [vite] (client) page reload src/auto-imports.d.ts
20:48:07 [vite] (client) page reload src/auto-imports.d.ts
20:51:11 [vite] (client) page reload src/auto-imports.d.ts
20:53:31 [vite] (client) page reload src/auto-imports.d.ts
21:04:54 [vite] (client) page reload src/auto-imports.d.ts
21:13:41 [vite] (client) hmr update /src/components/NotificationCenter.vue, /src/assets/styles/tailwindcss.css, /src/components/NotificationCenter.vue?vue&type=style&index=0&lang.css
21:14:15 [vite] (client) page reload src/auto-imports.d.ts
21:24:21 [vite] (client) hmr update /src/components/common/CrudPageLayout.vue, /src/assets/styles/tailwindcss.css
21:25:10 [vite] (client) page reload src/auto-imports.d.ts
21:36:29 [vite] (client) hmr update /src/views/Dashboard.vue, /src/assets/styles/tailwindcss.css
21:37:09 [vite] (client) hmr update /src/views/Dashboard.vue, /src/assets/styles/tailwindcss.css
21:37:17 [vite] (client) page reload src/auto-imports.d.ts
22:11:07 [vite] (client) hmr update /src/views/workorder/WorkOrderList.vue, /src/assets/styles/tailwindcss.css
22:11:07 [vite] (client) hmr update /src/views/workorder/WorkOrderList.vue, /src/assets/styles/tailwindcss.css
22:11:14 [vite] (client) hmr update /src/views/task/TaskList.vue, /src/assets/styles/tailwindcss.css
22:11:15 [vite] (client) hmr update /src/views/task/TaskList.vue, /src/assets/styles/tailwindcss.css
22:12:26 [vite] (client) hmr update /src/views/task/Board.vue, /src/assets/styles/tailwindcss.css
22:13:07 [vite] (client) hmr update /src/views/task/Board.vue, /src/assets/styles/tailwindcss.css
22:13:22 [vite] (client) hmr update /src/views/dashboard/components/PendingPlateList.vue, /src/assets/styles/tailwindcss.css
22:14:07 [vite] (client) hmr update /src/views/dashboard/components/PendingPlateList.vue, /src/assets/styles/tailwindcss.css
22:16:12 [vite] (client) hmr update /src/views/task/Stats.vue, /src/assets/styles/tailwindcss.css
22:17:07 [vite] (client) page reload src/auto-imports.d.ts
22:18:07 [vite] (client) page reload src/auto-imports.d.ts
22:29:08 [vite] (client) hmr update /src/views/Profile.vue, /src/assets/styles/tailwindcss.css
22:29:15 [vite] (client) page reload src/auto-imports.d.ts
22:38:07 [vite] (client) page reload src/auto-imports.d.ts
22:39:04 [vite] (client) page reload src/auto-imports.d.ts
22:40:09 [vite] (client) hmr update /src/views/Profile.vue, /src/assets/styles/tailwindcss.css
22:40:15 [vite] (client) page reload src/auto-imports.d.ts
23:06:39 [vite] (client) hmr update /src/views/Profile.vue, /src/assets/styles/tailwindcss.css
23:07:08 [vite] (client) page reload src/auto-imports.d.ts
23:16:19 [vite] (client) page reload src/auto-imports.d.ts
23:19:07 [vite] (client) page reload src/views/product/components/ProductFormDialog.vue
23:24:14 [vite] (client) page reload src/auto-imports.d.ts
23:26:12 [vite] (client) hmr update /src/views/workorder/WorkOrderForm.vue, /src/assets/styles/tailwindcss.css
23:26:18 [vite] (client) hmr update /src/views/workorder/WorkOrderForm.vue, /src/assets/styles/tailwindcss.css
23:27:06 [vite] (client) page reload src/auto-imports.d.ts
23:31:07 [vite] (client) page reload src/auto-imports.d.ts
06:06:33 [vite] (client) hmr update /src/views/product/ProductList.vue, /src/assets/styles/tailwindcss.css
06:06:41 [vite] (client) page reload src/views/product/components/ProductFormDialog.vue
06:06:48 [vite] (client) page reload src/auto-imports.d.ts
06:19:46 [vite] (client) hmr update /src/views/product/ProductList.vue, /src/assets/styles/tailwindcss.css
06:19:53 [vite] (client) page reload src/auto-imports.d.ts
06:20:26 [vite] (client) hmr update /src/views/product/ProductList.vue, /src/assets/styles/tailwindcss.css
06:20:32 [vite] (client) page reload src/auto-imports.d.ts
06:24:27 [vite] (client) page reload src/views/product/components/ProductFormDialog.vue
06:24:45 [vite] (client) page reload src/auto-imports.d.ts
06:39:23 [vite] (client) page reload src/views/product/components/ProductFormDialog.vue
06:39:31 [vite] (client) page reload src/views/product/components/ProductFormDialog.vue
06:39:38 [vite] (client) page reload src/views/product/components/ProductFormDialog.vue
06:39:59 [vite] (client) page reload src/views/product/components/ProductFormDialog.vue
06:40:13 [vite] (client) page reload src/views/product/components/ProductFormDialog.vue
06:40:20 [vite] (client) page reload src/auto-imports.d.ts
07:00:32 [vite] (client) page reload src/utils/date.ts
07:00:58 [vite] (client) page reload src/composables/useWebSocket.ts
07:04:09 [vite] (client) page reload src/auto-imports.d.ts
07:04:42 [vite] (client) page reload src/auto-imports.d.ts
[unplugin-vue-components] component "Icon"(/home/chenjiaxing/文档/work_order/web/src/components/icons/Icon.vue) has naming conflicts with other components, ignored.
07:23:23 [vite] (client) hmr update /src/components/common/Icon.vue, /src/assets/styles/tailwindcss.css
07:23:24 [vite] (client) page reload src/components.d.ts
07:23:25 [vite] (client) Pre-transform error: Failed to load url /src/components/common/Icon.vue (resolved id: /home/chenjiaxing/文档/work_order/web/src/components/common/Icon.vue) in /home/chenjiaxing/文档/work_order/web/src/components/common/index.ts. Does the file exist?
07:23:25 [vite] (client) Pre-transform error: Failed to load url /src/components/common/Icon.vue (resolved id: /home/chenjiaxing/文档/work_order/web/src/components/common/Icon.vue) in /home/chenjiaxing/文档/work_order/web/src/components/common/index.ts. Does the file exist?
07:23:25 [vite] (client) Pre-transform error: Failed to load url /src/components/common/Icon.vue (resolved id: /home/chenjiaxing/文档/work_order/web/src/components/common/Icon.vue) in /home/chenjiaxing/文档/work_order/web/src/components/common/index.ts. Does the file exist?
07:23:25 [vite] (client) Pre-transform error: Failed to load url /src/components/common/Icon.vue (resolved id: /home/chenjiaxing/文档/work_order/web/src/components/common/Icon.vue) in /home/chenjiaxing/文档/work_order/web/src/components/common/index.ts. Does the file exist?
07:23:25 [vite] (client) Pre-transform error: Failed to load url /src/components/common/Icon.vue (resolved id: /home/chenjiaxing/文档/work_order/web/src/components/common/Icon.vue) in /home/chenjiaxing/文档/work_order/web/src/components/common/index.ts. Does the file exist?
07:23:25 [vite] (client) Pre-transform error: Failed to load url /src/components/common/Icon.vue (resolved id: /home/chenjiaxing/文档/work_order/web/src/components/common/Icon.vue) in /home/chenjiaxing/文档/work_order/web/src/components/common/index.ts. Does the file exist?
07:23:25 [vite] (client) Pre-transform error: Failed to load url /src/components/common/Icon.vue (resolved id: /home/chenjiaxing/文档/work_order/web/src/components/common/Icon.vue) in /home/chenjiaxing/文档/work_order/web/src/components/common/index.ts. Does the file exist?
07:23:25 [vite] (client) Pre-transform error: Failed to load url /src/components/common/Icon.vue (resolved id: /home/chenjiaxing/文档/work_order/web/src/components/common/Icon.vue) in /home/chenjiaxing/文档/work_order/web/src/components/common/index.ts. Does the file exist?
07:23:25 [vite] (client) Pre-transform error: Failed to load url /src/components/common/Icon.vue (resolved id: /home/chenjiaxing/文档/work_order/web/src/components/common/Icon.vue) in /home/chenjiaxing/文档/work_order/web/src/components/common/index.ts. Does the file exist?
07:23:25 [vite] (client) Pre-transform error: Failed to load url /src/components/common/Icon.vue (resolved id: /home/chenjiaxing/文档/work_order/web/src/components/common/Icon.vue) in /home/chenjiaxing/文档/work_order/web/src/components/common/index.ts. Does the file exist?
07:23:25 [vite] (client) Pre-transform error: Failed to load url /src/components/common/Icon.vue (resolved id: /home/chenjiaxing/文档/work_order/web/src/components/common/Icon.vue) in /home/chenjiaxing/文档/work_order/web/src/components/common/index.ts. Does the file exist?
07:23:25 [vite] (client) Pre-transform error: Failed to load url /src/components/common/Icon.vue (resolved id: /home/chenjiaxing/文档/work_order/web/src/components/common/Icon.vue) in /home/chenjiaxing/文档/work_order/web/src/components/common/index.ts. Does the file exist?
07:23:25 [vite] (client) Pre-transform error: Failed to load url /src/components/common/Icon.vue (resolved id: /home/chenjiaxing/文档/work_order/web/src/components/common/Icon.vue) in /home/chenjiaxing/文档/work_order/web/src/components/common/index.ts. Does the file exist?
07:23:53 [vite] (client) hmr update /src/assets/styles/tailwindcss.css, /src/views/Login.vue, /src/components/common/DataSelector.vue, /src/components/common/StatusTag.vue, /src/components/common/SearchBar.vue, /src/components/common/FilterBar.vue, /src/components/common/BaseSelect.vue, /src/components/common/ImageViewer.vue, /src/views/product/ProductList.vue, /src/components/layout/AppSidebar.vue, /src/components/NotificationCenter.vue, /src/views/customer/CustomerList.vue, /src/views/Profile.vue, /src/views/dashboard/components/NotificationAlerts.vue, /src/views/dashboard/components/WorkOrderStatistics.vue, /src/views/dashboard/components/TaskStatistics.vue, /src/views/dashboard/components/RecentWorkOrders.vue, /src/views/dashboard/components/MyTasks.vue, /src/views/workorder/WorkOrderList.vue, /src/views/task/TaskList.vue, /src/views/task/components/TaskRelatedInfo.vue, /src/components/TaskKanban.vue, /src/views/task/components/CompleteTaskDialog.vue, /src/views/task/components/AssignTaskDialog.vue, /src/views/task/components/BatchActionBar.vue, /src/views/task/components/BatchAssignDialog.vue, /src/views/task/components/UpdateTaskDialog.vue, /src/views/task/components/SplitTaskDialog.vue, /src/views/task/Board.vue, /src/views/task/components/TaskStats.vue, /src/views/task/components/BoardAssignDialog.vue, /src/views/task/components/TaskListView.vue, /src/views/task/components/BoardCompleteDialog.vue, /src/views/task/components/BoardUpdateDialog.vue, /src/views/task/components/TaskColumn.vue, /src/views/task/components/TaskCard.vue, /src/views/material/MaterialList.vue, /src/views/product-group/ProductGroupList.vue, /src/views/artwork/ArtworkList.vue, /src/views/artwork/components/ArtworkFormDialog.vue, /src/views/die/DieList.vue, /src/views/components/PlateFormDialog.vue, /src/views/Dashboard.vue, /src/views/task/Stats.vue, /src/views/embossing-plate/EmbossingPlateList.vue, /src/views/dashboard/components/PendingPlateList.vue, /src/views/audit/AuditLogList.vue, /src/views/workorder/WorkOrderForm.vue, /src/views/workorder/components/CustomerSelector.vue, /src/views/task/AssignmentHistory.vue
07:24:05 [vite] (client) page reload src/auto-imports.d.ts
07:24:16 [vite] (client) page reload src/auto-imports.d.ts
07:24:32 [vite] (client) hmr update /src/components/common/EmptyState.vue, /src/assets/styles/tailwindcss.css
07:24:44 [vite] (client) hmr update /src/components/common/Pagination.vue, /src/assets/styles/tailwindcss.css
07:24:44 [vite] (client) hmr update /src/components/common/Toast.vue, /src/assets/styles/tailwindcss.css
07:24:44 [vite] (client) page reload src/components/common/Tabs.vue
07:24:44 [vite] (client) page reload src/components/common/TabPane.vue
07:24:44 [vite] (client) hmr update /src/components/common/CrudPageLayout.vue, /src/assets/styles/tailwindcss.css
07:24:44 [vite] (client) hmr update /src/components/common/Select.vue, /src/assets/styles/tailwindcss.css
07:24:44 [vite] (client) hmr update /src/components/common/Alert.vue, /src/assets/styles/tailwindcss.css
07:24:44 [vite] (client) hmr update /src/components/common/BaseDialog.vue, /src/assets/styles/tailwindcss.css
07:24:44 [vite] (client) hmr update /src/components/common/InputNumber.vue, /src/assets/styles/tailwindcss.css
07:24:44 [vite] (client) hmr update /src/components/common/SearchInput.vue, /src/assets/styles/tailwindcss.css
07:24:44 [vite] (client) hmr update /src/components/common/DataTable.vue, /src/assets/styles/tailwindcss.css
07:24:44 [vite] (client) hmr update /src/components/common/StatsCards.vue, /src/assets/styles/tailwindcss.css
07:24:44 [vite] (client) hmr update /src/components/common/StatCard.vue, /src/assets/styles/tailwindcss.css
07:24:50 [vite] (client) page reload src/auto-imports.d.ts
07:25:46 [vite] (client) page reload src/auto-imports.d.ts
07:26:01 [vite] (client) page reload src/auto-imports.d.ts
07:42:53 [vite] (client) page reload src/auto-imports.d.ts
07:48:44 [vite] (client) hmr update /src/views/workorder/WorkOrderForm.vue, /src/assets/styles/tailwindcss.css
07:48:56 [vite] (client) hmr update /src/views/workorder/WorkOrderForm.vue, /src/assets/styles/tailwindcss.css
07:49:04 [vite] (client) hmr update /src/views/workorder/WorkOrderForm.vue, /src/assets/styles/tailwindcss.css
07:49:17 [vite] (client) hmr update /src/views/workorder/WorkOrderForm.vue, /src/assets/styles/tailwindcss.css
07:49:30 [vite] (client) page reload src/auto-imports.d.ts
07:50:33 [vite] (client) page reload src/auto-imports.d.ts
08:06:59 [vite] (client) hmr update /src/components/common/FormDialog.vue, /src/assets/styles/tailwindcss.css
08:07:06 [vite] (client) page reload src/auto-imports.d.ts
08:08:48 [vite] (client) hmr update /src/assets/styles/tailwindcss.css, /src/views/Login.vue, /src/components/common/DataSelector.vue, /src/components/common/StatusTag.vue, /src/components/common/SearchBar.vue, /src/components/common/FilterBar.vue, /src/components/common/BaseSelect.vue, /src/components/common/ImageViewer.vue, /src/views/product/ProductList.vue, /src/components/layout/AppSidebar.vue, /src/components/NotificationCenter.vue, /src/views/customer/CustomerList.vue, /src/views/Profile.vue, /src/views/dashboard/components/NotificationAlerts.vue, /src/views/dashboard/components/WorkOrderStatistics.vue, /src/views/dashboard/components/TaskStatistics.vue, /src/views/dashboard/components/RecentWorkOrders.vue, /src/views/dashboard/components/MyTasks.vue, /src/views/workorder/WorkOrderList.vue, /src/views/task/TaskList.vue, /src/views/task/components/TaskRelatedInfo.vue, /src/components/TaskKanban.vue, /src/views/task/components/CompleteTaskDialog.vue, /src/views/task/components/AssignTaskDialog.vue, /src/views/task/components/BatchActionBar.vue, /src/views/task/components/BatchAssignDialog.vue, /src/views/task/components/UpdateTaskDialog.vue, /src/views/task/components/SplitTaskDialog.vue, /src/views/task/Board.vue, /src/views/task/components/TaskStats.vue, /src/views/task/components/BoardAssignDialog.vue, /src/views/task/components/TaskListView.vue, /src/views/task/components/BoardCompleteDialog.vue, /src/views/task/components/BoardUpdateDialog.vue, /src/views/task/components/TaskColumn.vue, /src/views/task/components/TaskCard.vue, /src/views/material/MaterialList.vue, /src/views/product-group/ProductGroupList.vue, /src/views/artwork/ArtworkList.vue, /src/views/artwork/components/ArtworkFormDialog.vue, /src/views/die/DieList.vue, /src/views/components/PlateFormDialog.vue, /src/views/Dashboard.vue, /src/views/task/Stats.vue, /src/views/embossing-plate/EmbossingPlateList.vue, /src/views/dashboard/components/PendingPlateList.vue, /src/views/audit/AuditLogList.vue, /src/views/workorder/WorkOrderForm.vue, /src/views/workorder/components/CustomerSelector.vue, /src/views/task/AssignmentHistory.vue
08:08:54 [vite] (client) page reload src/auto-imports.d.ts
08:10:31 [vite] (client) page reload src/auto-imports.d.ts
08:19:08 [vite] (client) page reload src/auto-imports.d.ts
08:23:09 [vite] (client) hmr update /src/components/layout/AppHeader.vue, /src/assets/styles/tailwindcss.css
08:23:15 [vite] (client) hmr update /src/components/layout/AppHeader.vue, /src/assets/styles/tailwindcss.css
08:23:24 [vite] (client) hmr update /src/components/layout/AppHeader.vue, /src/assets/styles/tailwindcss.css
08:23:30 [vite] (client) hmr update /src/components/layout/AppHeader.vue, /src/assets/styles/tailwindcss.css
08:24:25 [vite] (client) hmr update /src/views/workorder/WorkOrderList.vue, /src/assets/styles/tailwindcss.css
08:24:31 [vite] (client) hmr update /src/views/workorder/WorkOrderList.vue, /src/assets/styles/tailwindcss.css
08:24:39 [vite] (client) hmr update /src/views/workorder/WorkOrderList.vue, /src/assets/styles/tailwindcss.css
08:24:46 [vite] (client) hmr update /src/views/workorder/WorkOrderList.vue, /src/assets/styles/tailwindcss.css
08:24:52 [vite] (client) hmr update /src/views/workorder/WorkOrderList.vue, /src/assets/styles/tailwindcss.css
08:25:14 [vite] (client) hmr update /src/views/die/components/DieFormDialog.vue, /src/assets/styles/tailwindcss.css
08:25:22 [vite] (client) hmr update /src/views/die/components/DieFormDialog.vue, /src/assets/styles/tailwindcss.css
08:25:29 [vite] (client) hmr update /src/views/die/components/DieFormDialog.vue, /src/assets/styles/tailwindcss.css
08:25:38 [vite] (client) hmr update /src/views/die/components/DieFormDialog.vue, /src/assets/styles/tailwindcss.css
08:25:44 [vite] (client) page reload src/auto-imports.d.ts
08:48:21 [vite] (client) hmr update /src/components/common/StatusTag.vue, /src/assets/styles/tailwindcss.css
08:48:51 [vite] (client) page reload src/views/workorder/components/MaterialStatusDialog.vue
08:49:07 [vite] (client) hmr update /src/views/task/components/CompleteTaskDialog.vue, /src/assets/styles/tailwindcss.css
08:49:13 [vite] (client) hmr update /src/views/task/components/CompleteTaskDialog.vue, /src/assets/styles/tailwindcss.css
08:49:26 [vite] (client) hmr update /src/assets/styles/tailwindcss.css, /src/views/Login.vue, /src/components/common/DataSelector.vue, /src/components/common/StatusTag.vue, /src/components/common/SearchBar.vue, /src/components/common/FilterBar.vue, /src/components/common/BaseSelect.vue, /src/components/common/ImageViewer.vue, /src/views/product/ProductList.vue, /src/components/layout/AppSidebar.vue, /src/components/NotificationCenter.vue, /src/views/customer/CustomerList.vue, /src/views/Profile.vue, /src/views/dashboard/components/NotificationAlerts.vue, /src/views/dashboard/components/WorkOrderStatistics.vue, /src/views/dashboard/components/TaskStatistics.vue, /src/views/dashboard/components/RecentWorkOrders.vue, /src/views/dashboard/components/MyTasks.vue, /src/views/workorder/WorkOrderList.vue, /src/views/task/TaskList.vue, /src/views/task/components/TaskRelatedInfo.vue, /src/components/TaskKanban.vue, /src/views/task/components/CompleteTaskDialog.vue, /src/views/task/components/AssignTaskDialog.vue, /src/views/task/components/BatchActionBar.vue, /src/views/task/components/BatchAssignDialog.vue, /src/views/task/components/UpdateTaskDialog.vue, /src/views/task/components/SplitTaskDialog.vue, /src/views/task/Board.vue, /src/views/task/components/TaskStats.vue, /src/views/task/components/BoardAssignDialog.vue, /src/views/task/components/TaskListView.vue, /src/views/task/components/BoardCompleteDialog.vue, /src/views/task/components/BoardUpdateDialog.vue, /src/views/task/components/TaskColumn.vue, /src/views/task/components/TaskCard.vue, /src/views/material/MaterialList.vue, /src/views/product-group/ProductGroupList.vue, /src/views/artwork/ArtworkList.vue, /src/views/artwork/components/ArtworkFormDialog.vue, /src/views/die/DieList.vue, /src/views/components/PlateFormDialog.vue, /src/views/Dashboard.vue, /src/views/task/Stats.vue, /src/views/embossing-plate/EmbossingPlateList.vue, /src/views/dashboard/components/PendingPlateList.vue, /src/views/audit/AuditLogList.vue, /src/views/workorder/WorkOrderForm.vue, /src/views/workorder/components/CustomerSelector.vue, /src/views/task/AssignmentHistory.vue
08:50:33 [vite] (client) page reload src/auto-imports.d.ts
08:54:36 [vite] (client) page reload src/views/Layout.vue
08:55:04 [vite] (client) page reload src/auto-imports.d.ts
08:55:20 [vite] (client) page reload src/auto-imports.d.ts
08:55:50 [vite] (client) page reload src/views/Layout.vue
08:55:57 [vite] (client) page reload src/auto-imports.d.ts
08:58:49 [vite] (client) page reload src/auto-imports.d.ts
08:59:34 [vite] (client) page reload src/auto-imports.d.ts
09:08:35 [vite] (client) page reload src/utils/date.ts
09:08:42 [vite] (client) page reload src/auto-imports.d.ts
09:09:10 [vite] (client) page reload src/utils/date.ts
09:10:21 [vite] (client) page reload src/auto-imports.d.ts
09:13:23 [vite] (client) hmr update /src/components/icons/Icon.vue, /src/assets/styles/tailwindcss.css
09:15:01 [vite] (client) page reload src/auto-imports.d.ts
09:15:37 [vite] (client) hmr update /src/views/workorder/WorkOrderList.vue, /src/assets/styles/tailwindcss.css
09:15:45 [vite] (client) page reload src/auto-imports.d.ts
09:17:08 [vite] (client) page reload src/components/common/types.ts
09:17:41 [vite] (client) hmr update /src/views/customer/CustomerList.vue, /src/assets/styles/tailwindcss.css
09:17:56 [vite] (client) hmr update /src/views/product/ProductList.vue, /src/assets/styles/tailwindcss.css
09:18:12 [vite] (client) hmr update /src/views/embossing-plate/EmbossingPlateList.vue, /src/assets/styles/tailwindcss.css
09:18:12 [vite] (client) hmr update /src/views/die/DieList.vue, /src/assets/styles/tailwindcss.css
09:18:14 [vite] (client) hmr update /src/views/artwork/ArtworkList.vue, /src/assets/styles/tailwindcss.css
09:19:17 [vite] (client) hmr update /src/views/product-group/ProductGroupList.vue, /src/assets/styles/tailwindcss.css
09:19:18 [vite] (client) hmr update /src/views/material/MaterialList.vue, /src/assets/styles/tailwindcss.css
09:19:27 [vite] (client) page reload src/auto-imports.d.ts
09:20:29 [vite] (client) hmr update /src/components/common/Select.vue, /src/assets/styles/tailwindcss.css
09:20:35 [vite] (client) hmr update /src/components/common/Select.vue, /src/assets/styles/tailwindcss.css
09:20:40 [vite] (client) hmr update /src/components/common/Select.vue, /src/assets/styles/tailwindcss.css
09:20:49 [vite] (client) hmr update /src/components/common/Select.vue, /src/assets/styles/tailwindcss.css
09:20:56 [vite] (client) hmr update /src/components/common/Select.vue, /src/assets/styles/tailwindcss.css
09:21:04 [vite] (client) hmr update /src/components/common/Select.vue, /src/assets/styles/tailwindcss.css
09:21:10 [vite] (client) hmr update /src/components/common/Select.vue, /src/assets/styles/tailwindcss.css
09:21:16 [vite] (client) page reload src/auto-imports.d.ts
09:22:14 [vite] (client) page reload src/views/Layout.vue
09:22:22 [vite] (client) page reload src/auto-imports.d.ts
09:23:33 [vite] (client) page reload src/stores/ui.ts
09:23:39 [vite] (client) page reload src/stores/ui.ts
09:23:47 [vite] (client) hmr update /src/components/layout/AppSidebar.vue, /src/assets/styles/tailwindcss.css
09:23:53 [vite] (client) hmr update /src/components/layout/AppSidebar.vue, /src/assets/styles/tailwindcss.css
09:24:03 [vite] (client) hmr update /src/App.vue, /src/assets/styles/tailwindcss.css
09:24:20 [vite] (client) page reload src/auto-imports.d.ts
09:24:46 [vite] (client) page reload src/auto-imports.d.ts
09:29:17 [vite] (client) page reload src/utils/errorHandler.ts
09:29:23 [vite] (client) page reload src/auto-imports.d.ts
09:33:06 [vite] (client) page reload src/utils/mobile.ts
09:35:10 [vite] (client) page reload src/utils/errorHandler.ts
09:35:18 [vite] (client) page reload src/utils/errorHandler.ts
09:35:24 [vite] (client) page reload src/utils/errorHandler.ts
09:35:37 [vite] (client) page reload src/utils/errorHandler.ts
09:36:15 [vite] (client) page reload src/utils/errorHandler.ts
09:36:28 [vite] (client) page reload src/utils/errorHandler.ts
09:38:11 [vite] (client) page reload src/utils/debounce.ts
09:39:25 [vite] (client) page reload src/components/GanttChart.vue
09:39:44 [vite] (client) page reload src/components/GanttChart.vue
09:39:53 [vite] (client) page reload src/components/GanttChart.vue
09:42:22 [vite] (client) hmr update /src/views/task/components/CompleteTaskDialog.vue, /src/assets/styles/tailwindcss.css
09:42:33 [vite] (client) hmr update /src/views/task/components/CompleteTaskDialog.vue, /src/assets/styles/tailwindcss.css
09:43:11 [vite] (client) hmr update /src/views/task/components/CompleteTaskDialog.vue, /src/assets/styles/tailwindcss.css
09:50:25 [vite] (client) hmr update /src/components/icons/Icon.vue, /src/assets/styles/tailwindcss.css
09:50:26 [vite] (client) page reload src/components/dispatch/DispatchPreviewTable.vue
09:51:14 [vite] (client) hmr update /src/views/dashboard/components/WorkOrderStatistics.vue, /src/assets/styles/tailwindcss.css
09:56:11 [vite] (client) page reload src/utils/message.ts
09:57:11 [vite] (client) hmr update /src/views/Dashboard.vue, /src/assets/styles/tailwindcss.css
09:59:09 [vite] (client) hmr update /src/views/audit/AuditLogList.vue, /src/assets/styles/tailwindcss.css
09:59:11 [vite] (client) hmr update /src/views/audit/AuditLogList.vue, /src/assets/styles/tailwindcss.css
10:00:08 [vite] (client) hmr update /src/components/common/FilterBar.vue, /src/assets/styles/tailwindcss.css
10:07:17 [vite] (client) hmr update /src/components/common/ImageViewer.vue, /src/assets/styles/tailwindcss.css
10:08:08 [vite] (client) page reload src/components/dispatch/DepartmentPriorityPanel.vue
10:09:13 [vite] (client) hmr update /src/components/common/FormDialog.vue, /src/assets/styles/tailwindcss.css
10:10:12 [vite] (client) hmr update /src/components/common/Select.vue, /src/assets/styles/tailwindcss.css
10:12:07 [vite] (client) hmr update /src/components/common/Pagination.vue, /src/assets/styles/tailwindcss.css
10:15:12 [vite] (client) hmr update /src/components/common/FormDialog.vue, /src/assets/styles/tailwindcss.css
10:16:16 [vite] (client) hmr update /src/components/common/ImageViewer.vue, /src/assets/styles/tailwindcss.css
10:18:06 [vite] (client) hmr update /src/components/common/ImageViewer.vue, /src/assets/styles/tailwindcss.css
10:19:13 [vite] (client) page reload src/components/dispatch/DepartmentPriorityPanel.vue
10:24:16 [vite] (client) hmr update /src/components/layout/AppSidebar.vue, /src/assets/styles/tailwindcss.css
10:25:14 [vite] (client) hmr update /src/components/common/FormDialog.vue, /src/assets/styles/tailwindcss.css
10:27:08 [vite] (client) hmr update /src/components/SkeletonLoader.vue, /src/assets/styles/tailwindcss.css
10:28:08 [vite] (client) hmr update /src/components/common/ImageViewer.vue, /src/assets/styles/tailwindcss.css
10:34:14 [vite] (client) hmr update /src/views/dashboard/components/PendingPlateList.vue, /src/assets/styles/tailwindcss.css
10:42:09 [vite] (client) hmr update /src/views/Dashboard.vue, /src/assets/styles/tailwindcss.css
10:42:17 [vite] (client) hmr update /src/views/Dashboard.vue, /src/assets/styles/tailwindcss.css
10:45:21 [vite] (client) hmr update /src/views/Dashboard.vue, /src/assets/styles/tailwindcss.css
11:03:14 [vite] (client) hmr update /src/components/common/BaseSelect.vue, /src/assets/styles/tailwindcss.css
11:04:14 [vite] (client) hmr update /src/components/common/DataSelector.vue, /src/assets/styles/tailwindcss.css
11:06:16 [vite] (client) hmr update /src/components/common/CrudPageLayout.vue, /src/assets/styles/tailwindcss.css
11:08:13 [vite] (client) hmr update /src/components/common/BaseSelect.vue, /src/assets/styles/tailwindcss.css
11:08:14 [vite] (client) hmr update /src/components/common/DataSelector.vue, /src/assets/styles/tailwindcss.css
11:19:46 [vite] (client) page reload src/auto-imports.d.ts
11:19:47 [vite] (client) page reload src/auto-imports.d.ts
11:28:12 [vite] (client) hmr update /src/components/layout/AppHeader.vue, /src/assets/styles/tailwindcss.css
11:28:16 [vite] (client) hmr update /src/components/layout/AppHeader.vue, /src/assets/styles/tailwindcss.css
11:28:20 [vite] (client) hmr update /src/components/layout/AppHeader.vue, /src/assets/styles/tailwindcss.css
11:30:09 [vite] (client) hmr update /src/views/finance/Payment.vue, /src/assets/styles/tailwindcss.css
11:30:21 [vite] (client) hmr update /src/views/finance/Payment.vue, /src/assets/styles/tailwindcss.css
11:31:19 [vite] (client) page reload src/api/modules/task-assignment-rule.ts
11:31:44 [vite] (client) page reload src/api/modules/dispatch-config.ts
11:32:29 [vite] (client) hmr update /src/views/task/Board.vue, /src/assets/styles/tailwindcss.css
11:32:36 [vite] (client) hmr update /src/views/audit/AuditLogList.vue, /src/assets/styles/tailwindcss.css
11:32:45 [vite] (client) hmr update /src/views/task/Stats.vue, /src/assets/styles/tailwindcss.css
11:32:58 [vite] (client) hmr update /src/views/task/components/TaskCard.vue, /src/assets/styles/tailwindcss.css
11:33:10 [vite] (client) hmr update /src/views/task/components/SplitTaskDialog.vue, /src/assets/styles/tailwindcss.css
11:35:15 [vite] (client) hmr update /src/assets/styles/tailwindcss.css, /src/views/product/ProductList.vue, /src/views/customer/CustomerList.vue, /src/views/workorder/WorkOrderList.vue, /src/views/task/TaskList.vue, /src/views/material/MaterialList.vue, /src/views/product-group/ProductGroupList.vue, /src/views/artwork/ArtworkList.vue, /src/views/die/DieList.vue, /src/views/embossing-plate/EmbossingPlateList.vue, /src/views/audit/AuditLogList.vue, /src/views/task/AssignmentHistory.vue, /src/views/process/ProcessList.vue, /src/views/finance/Payment.vue
11:35:22 [vite] (client) hmr update /src/assets/styles/tailwindcss.css, /src/views/task/TaskList.vue
11:35:27 [vite] (client) hmr update /src/views/Dashboard.vue, /src/assets/styles/tailwindcss.css
11:35:51 [vite] (client) hmr update /src/views/Dashboard.vue, /src/assets/styles/tailwindcss.css
11:36:06 [vite] (client) hmr update /src/views/artwork/components/ArtworkFormDialog.vue, /src/assets/styles/tailwindcss.css
11:36:13 [vite] (client) hmr update /src/views/artwork/components/ArtworkFormDialog.vue, /src/assets/styles/tailwindcss.css
11:36:30 [vite] (client) hmr update /src/views/product/ProductList.vue, /src/assets/styles/tailwindcss.css
11:36:55 [vite] (client) page reload src/views/purchase/components/PurchaseFormDialog.vue
11:37:00 [vite] (client) page reload src/views/purchase/components/PurchaseFormDialog.vue
11:37:13 [vite] (client) page reload src/api/modules/task-assignment-history.ts
11:37:34 [vite] (client) page reload src/api/modules/supervisor.ts
11:37:41 [vite] (client) hmr update /src/views/task/TaskList.vue, /src/assets/styles/tailwindcss.css
11:37:49 [vite] (client) hmr update /src/views/task/TaskList.vue, /src/assets/styles/tailwindcss.css
11:37:55 [vite] (client) hmr update /src/views/task/TaskList.vue, /src/assets/styles/tailwindcss.css
11:38:00 [vite] (client) hmr update /src/views/task/components/BatchAssignDialog.vue, /src/assets/styles/tailwindcss.css
11:38:06 [vite] (client) page reload src/views/task/components/TaskDragDropList.vue
11:38:12 [vite] (client) page reload src/views/task/components/TaskDragDropList.vue
11:38:18 [vite] (client) hmr update /src/views/task/components/TaskLogs.vue, /src/assets/styles/tailwindcss.css
11:38:24 [vite] (client) hmr update /src/views/task/components/UpdateTaskDialog.vue, /src/assets/styles/tailwindcss.css
11:38:29 [vite] (client) hmr update /src/views/task/components/UpdateTaskDialog.vue, /src/assets/styles/tailwindcss.css
11:38:34 [vite] (client) hmr update /src/views/task/components/UpdateTaskDialog.vue, /src/assets/styles/tailwindcss.css
11:38:40 [vite] (client) hmr update /src/views/workorder/WorkOrderForm.vue, /src/assets/styles/tailwindcss.css
11:38:45 [vite] (client) hmr update /src/views/workorder/WorkOrderList.vue, /src/assets/styles/tailwindcss.css
11:38:49 [vite] (client) hmr update /src/views/workorder/WorkOrderList.vue, /src/assets/styles/tailwindcss.css
11:39:03 [vite] (client) hmr update /src/views/workorder/WorkOrderList.vue, /src/assets/styles/tailwindcss.css
11:39:08 [vite] (client) page reload src/views/workorder/components/ProcessManagement.vue
11:39:12 [vite] (client) page reload src/views/workorder/components/SplitTaskDialog.vue
11:39:34 [vite] (client) page reload src/views/workorder/components/WorkOrderArtworkDie.vue
11:39:38 [vite] (client) page reload src/views/workorder/components/WorkOrderArtworkDie.vue
11:40:50 [vite] (client) page reload src/auto-imports.d.ts
11:41:14 [vite] (client) page reload src/auto-imports.d.ts
11:44:24 [vite] (client) hmr update /src/App.vue, /src/assets/styles/tailwindcss.css
11:44:41 [vite] (client) page reload src/main.ts
11:45:08 [vite] (client) page reload src/auto-imports.d.ts
11:45:38 [vite] (client) page reload src/auto-imports.d.ts
11:46:17 [vite] (client) hmr update /src/assets/styles/tailwindcss.css
11:46:25 [vite] (client) hmr update /src/assets/styles/tailwindcss.css
11:46:29 [vite] (client) page reload src/auto-imports.d.ts
11:48:09 [vite] (client) page reload src/auto-imports.d.ts
11:48:30 [vite] (client) page reload src/auto-imports.d.ts
11:52:33 [vite] (client) page reload src/auto-imports.d.ts
11:52:33 [vite] (client) page reload src/auto-imports.d.ts
12:05:41 [vite] (client) page reload src/auto-imports.d.ts
12:05:53 [vite] (client) page reload src/auto-imports.d.ts
12:24:07 [vite] (client) page reload src/auto-imports.d.ts
13:37:11 [vite] (client) hmr update /src/assets/styles/tailwindcss.css, /src/views/product/ProductList.vue, /src/views/customer/CustomerList.vue, /src/views/workorder/WorkOrderList.vue, /src/views/task/TaskList.vue, /src/views/material/MaterialList.vue, /src/views/product-group/ProductGroupList.vue, /src/views/artwork/ArtworkList.vue, /src/views/die/DieList.vue, /src/views/embossing-plate/EmbossingPlateList.vue, /src/views/audit/AuditLogList.vue, /src/views/task/AssignmentHistory.vue, /src/views/process/ProcessList.vue, /src/views/finance/Payment.vue
13:37:25 [vite] (client) hmr update /src/assets/styles/tailwindcss.css, /src/views/product/ProductList.vue, /src/views/customer/CustomerList.vue, /src/views/workorder/WorkOrderList.vue, /src/views/task/TaskList.vue, /src/views/material/MaterialList.vue, /src/views/product-group/ProductGroupList.vue, /src/views/artwork/ArtworkList.vue, /src/views/die/DieList.vue, /src/views/embossing-plate/EmbossingPlateList.vue, /src/views/audit/AuditLogList.vue, /src/views/task/AssignmentHistory.vue, /src/views/process/ProcessList.vue, /src/views/finance/Payment.vue
13:37:32 [vite] (client) page reload src/auto-imports.d.ts
13:39:11 [vite] (client) page reload src/utils/mobile.ts
13:40:07 [vite] (client) page reload src/utils/debounce.ts
13:42:24 [vite] (client) page reload src/auto-imports.d.ts
13:59:23 [vite] (client) page reload src/auto-imports.d.ts
13:59:35 [vite] (client) page reload src/auto-imports.d.ts
14:16:19 [vite] (client) page reload src/components.d.ts
14:16:25 [vite] (client) hmr update /src/assets/styles/tailwindcss.css, /src/views/Login.vue, /src/components/common/DataSelector.vue, /src/components/common/StatusTag.vue, /src/components/common/SearchBar.vue, /src/components/common/FilterBar.vue, /src/components/common/BaseSelect.vue, /src/components/common/ImageViewer.vue, /src/views/product/ProductList.vue, /src/components/layout/AppSidebar.vue, /src/components/NotificationCenter.vue, /src/views/customer/CustomerList.vue, /src/views/Profile.vue, /src/views/dashboard/components/NotificationAlerts.vue, /src/views/dashboard/components/WorkOrderStatistics.vue, /src/views/dashboard/components/TaskStatistics.vue, /src/views/dashboard/components/RecentWorkOrders.vue, /src/views/dashboard/components/MyTasks.vue, /src/views/workorder/WorkOrderList.vue, /src/views/task/TaskList.vue, /src/views/task/components/TaskRelatedInfo.vue, /src/components/TaskKanban.vue, /src/views/task/components/CompleteTaskDialog.vue, /src/views/task/components/AssignTaskDialog.vue, /src/views/task/components/BatchActionBar.vue, /src/views/task/components/BatchAssignDialog.vue, /src/views/task/components/UpdateTaskDialog.vue, /src/views/task/components/SplitTaskDialog.vue, /src/views/task/Board.vue, /src/views/task/components/TaskStats.vue, /src/views/task/components/BoardAssignDialog.vue, /src/views/task/components/TaskListView.vue, /src/views/task/components/BoardCompleteDialog.vue, /src/views/task/components/BoardUpdateDialog.vue, /src/views/task/components/TaskColumn.vue, /src/views/task/components/TaskCard.vue, /src/views/material/MaterialList.vue, /src/views/product-group/ProductGroupList.vue, /src/views/artwork/ArtworkList.vue, /src/views/artwork/components/ArtworkFormDialog.vue, /src/views/die/DieList.vue, /src/views/components/PlateFormDialog.vue, /src/views/Dashboard.vue, /src/views/task/Stats.vue, /src/views/embossing-plate/EmbossingPlateList.vue, /src/views/dashboard/components/PendingPlateList.vue, /src/views/audit/AuditLogList.vue, /src/views/workorder/WorkOrderForm.vue, /src/views/workorder/components/CustomerSelector.vue, /src/views/task/AssignmentHistory.vue, /src/components/layout/AppHeader.vue, /src/views/process/ProcessList.vue, /src/views/finance/Payment.vue, /src/views/finance/components/PaymentStats.vue
14:17:08 [vite] (client) hmr update /src/views/customer/CustomerList.vue, /src/assets/styles/tailwindcss.css
14:18:26 [vite] (client) page reload src/auto-imports.d.ts
14:20:37 [vite] (client) hmr update /src/views/customer/CustomerList.vue, /src/assets/styles/tailwindcss.css
14:36:35 [vite] (client) hmr update /src/views/supplier/SupplierList.vue, /src/assets/styles/tailwindcss.css
14:37:30 [vite] (client) hmr update /src/views/supplier/SupplierList.vue, /src/assets/styles/tailwindcss.css
14:39:05 [vite] (client) page reload src/auto-imports.d.ts
14:41:06 [vite] (client) hmr update /src/views/supplier/components/SupplierFormDialog.vue, /src/assets/styles/tailwindcss.css
14:41:07 [vite] (client) page reload src/auto-imports.d.ts
14:44:11 [vite] (client) hmr update /src/views/supplier/SupplierList.vue, /src/assets/styles/tailwindcss.css
14:46:05 [vite] (client) page reload src/auto-imports.d.ts
15:08:53 [vite] (client) hmr update /src/views/supplier/SupplierList.vue, /src/assets/styles/tailwindcss.css
15:08:59 [vite] (client) hmr update /src/views/supplier/SupplierList.vue, /src/assets/styles/tailwindcss.css
15:09:06 [vite] (client) hmr update /src/views/supplier/SupplierList.vue, /src/assets/styles/tailwindcss.css
15:10:07 [vite] (client) page reload src/auto-imports.d.ts
15:54:05 [vite] (client) hmr update /src/views/supplier/SupplierList.vue, /src/assets/styles/tailwindcss.css
15:54:12 [vite] (client) page reload src/auto-imports.d.ts
15:57:57 [vite] (client) hmr update /src/views/supplier/SupplierList.vue, /src/assets/styles/tailwindcss.css
15:58:05 [vite] (client) page reload src/auto-imports.d.ts
16:01:12 [vite] (client) hmr update /src/views/supplier/SupplierList.vue, /src/assets/styles/tailwindcss.css
16:01:18 [vite] (client) page reload src/auto-imports.d.ts
16:04:26 [vite] (client) hmr update /src/views/supplier/SupplierList.vue, /src/assets/styles/tailwindcss.css
16:04:57 [vite] (client) page reload src/auto-imports.d.ts
16:13:02 [vite] (client) hmr update /src/views/supplier/SupplierList.vue, /src/assets/styles/tailwindcss.css
16:25:33 [vite] (client) hmr update /src/views/process/ProcessList.vue, /src/assets/styles/tailwindcss.css
16:29:30 [vite] (client) page reload src/auto-imports.d.ts
16:44:41 [vite] (client) hmr update /src/views/department/DepartmentList.vue, /src/assets/styles/tailwindcss.css
16:47:27 [vite] (client) hmr update /src/views/department/DepartmentList.vue, /src/assets/styles/tailwindcss.css
16:47:33 [vite] (client) hmr update /src/views/embossing-plate/EmbossingPlateList.vue, /src/assets/styles/tailwindcss.css
16:49:06 [vite] (client) page reload src/auto-imports.d.ts
16:51:29 [vite] (client) hmr update /src/views/department/DepartmentList.vue, /src/assets/styles/tailwindcss.css
16:51:36 [vite] (client) hmr update /src/views/department/DepartmentList.vue, /src/assets/styles/tailwindcss.css
16:51:55 [vite] (client) hmr update /src/views/customer/CustomerList.vue, /src/assets/styles/tailwindcss.css
16:57:08 [vite] (client) hmr update /src/views/material/MaterialList.vue, /src/assets/styles/tailwindcss.css
16:57:42 [vite] (client) hmr update /src/views/finance/Payment.vue, /src/assets/styles/tailwindcss.css
16:57:47 [vite] (client) hmr update /src/views/product-group/ProductGroupList.vue, /src/assets/styles/tailwindcss.css
16:58:29 [vite] (client) hmr update /src/views/task/TaskList.vue, /src/assets/styles/tailwindcss.css
16:58:39 [vite] (client) hmr update /src/views/product/ProductList.vue, /src/assets/styles/tailwindcss.css
16:59:04 [vite] (client) hmr update /src/views/workorder/WorkOrderList.vue, /src/assets/styles/tailwindcss.css
17:02:51 [vite] (client) hmr update /src/views/artwork/ArtworkList.vue, /src/assets/styles/tailwindcss.css
17:02:51 [vite] (client) hmr update /src/views/audit/AuditLogList.vue, /src/assets/styles/tailwindcss.css
17:02:51 [vite] (client) hmr update /src/views/die/DieList.vue, /src/assets/styles/tailwindcss.css
17:02:51 [vite] (client) hmr update /src/views/finance/Invoice.vue, /src/assets/styles/tailwindcss.css
17:03:20 [vite] Internal server error: Error parsing JavaScript expression: Unterminated template. (1:2)
  Plugin: vite:vue
  File: /home/chenjiaxing/文档/work_order/web/src/views/die/DieList.vue:101:15
  99 |      :show="showDeleteDialogFlag"
  100|      title="删除确认"
  101|      :message="`确定要删除刀模"${targetDieForDelete?.name}"吗？此操作不可恢复。`"
     |                 ^
  102|      confirm-text="删除"
  103|      cancel-text="取消"
      at createCompilerError (/home/chenjiaxing/文档/work_order/web/node_modules/@vue/compiler-core/dist/compiler-core.cjs.js:1378:17)
      at emitError (/home/chenjiaxing/文档/work_order/web/node_modules/@vue/compiler-core/dist/compiler-core.cjs.js:3014:5)
      at createExp (/home/chenjiaxing/文档/work_order/web/node_modules/@vue/compiler-core/dist/compiler-core.cjs.js:3007:7)
      at Object.onattribend (/home/chenjiaxing/文档/work_order/web/node_modules/@vue/compiler-core/dist/compiler-core.cjs.js:2532:29)
      at Tokenizer.handleInAttrValue (/home/chenjiaxing/文档/work_order/web/node_modules/@vue/compiler-core/dist/compiler-core.cjs.js:959:16)
      at Tokenizer.stateInAttrValueDoubleQuotes (/home/chenjiaxing/文档/work_order/web/node_modules/@vue/compiler-core/dist/compiler-core.cjs.js:969:10)
      at Tokenizer.parse (/home/chenjiaxing/文档/work_order/web/node_modules/@vue/compiler-core/dist/compiler-core.cjs.js:1113:16)
      at Object.baseParse (/home/chenjiaxing/文档/work_order/web/node_modules/@vue/compiler-core/dist/compiler-core.cjs.js:3053:13)
      at Object.parse (/home/chenjiaxing/文档/work_order/web/node_modules/@vue/compiler-dom/dist/compiler-dom.cjs.js:910:23)
      at Object.parse$1 [as parse] (/home/chenjiaxing/文档/work_order/web/node_modules/@vue/compiler-sfc/dist/compiler-sfc.cjs.js:1824:24)
17:03:55 [vite] (client) hmr update /src/views/artwork/ArtworkList.vue, /src/assets/styles/tailwindcss.css
17:03:55 [vite] (client) hmr update /src/views/die/DieList.vue, /src/assets/styles/tailwindcss.css
17:05:20 [vite] (client) hmr update /src/views/artwork/ArtworkList.vue, /src/assets/styles/tailwindcss.css
17:05:20 [vite] (client) hmr update /src/views/finance/Cost.vue, /src/assets/styles/tailwindcss.css
17:05:21 [vite] (client) hmr update /src/views/finance/Invoice.vue, /src/assets/styles/tailwindcss.css
17:05:21 [vite] (client) hmr update /src/views/material/MaterialList.vue, /src/assets/styles/tailwindcss.css
17:05:21 [vite] (client) hmr update /src/views/product-group/ProductGroupList.vue, /src/assets/styles/tailwindcss.css
17:05:21 [vite] (client) hmr update /src/views/product/ProductList.vue, /src/assets/styles/tailwindcss.css
17:06:06 [vite] (client) hmr update /src/views/artwork/ArtworkList.vue, /src/assets/styles/tailwindcss.css
17:06:06 [vite] (client) hmr update /src/views/finance/Cost.vue, /src/assets/styles/tailwindcss.css
17:06:12 [vite] (client) hmr update /src/views/finance/Cost.vue, /src/assets/styles/tailwindcss.css
17:06:13 [vite] (client) hmr update /src/views/finance/Invoice.vue, /src/assets/styles/tailwindcss.css
17:11:34 [vite] (client) hmr update /src/views/artwork/ArtworkList.vue, /src/assets/styles/tailwindcss.css
17:11:35 [vite] (client) hmr update /src/views/die/DieList.vue, /src/assets/styles/tailwindcss.css
17:11:54 [vite] (client) hmr update /src/views/embossing-plate/EmbossingPlateList.vue, /src/assets/styles/tailwindcss.css
08:36:59 [vite] (client) hmr update /src/assets/styles/tailwindcss.css, /src/views/Login.vue, /src/components/common/DataSelector.vue, /src/components/common/StatusTag.vue, /src/components/common/SearchBar.vue, /src/components/common/FilterBar.vue, /src/components/common/BaseSelect.vue, /src/components/common/ImageViewer.vue, /src/views/product/ProductList.vue, /src/components/layout/AppSidebar.vue, /src/components/NotificationCenter.vue, /src/views/customer/CustomerList.vue, /src/views/Profile.vue, /src/views/dashboard/components/NotificationAlerts.vue, /src/views/dashboard/components/WorkOrderStatistics.vue, /src/views/dashboard/components/TaskStatistics.vue, /src/views/dashboard/components/RecentWorkOrders.vue, /src/views/dashboard/components/MyTasks.vue, /src/views/workorder/WorkOrderList.vue, /src/views/task/TaskList.vue, /src/views/task/components/TaskRelatedInfo.vue, /src/components/TaskKanban.vue, /src/views/task/components/CompleteTaskDialog.vue, /src/views/task/components/AssignTaskDialog.vue, /src/views/task/components/BatchActionBar.vue, /src/views/task/components/BatchAssignDialog.vue, /src/views/task/components/UpdateTaskDialog.vue, /src/views/task/components/SplitTaskDialog.vue, /src/views/task/Board.vue, /src/views/task/components/TaskStats.vue, /src/views/task/components/BoardAssignDialog.vue, /src/views/task/components/TaskListView.vue, /src/views/task/components/BoardCompleteDialog.vue, /src/views/task/components/BoardUpdateDialog.vue, /src/views/task/components/TaskColumn.vue, /src/views/task/components/TaskCard.vue, /src/views/material/MaterialList.vue, /src/views/product-group/ProductGroupList.vue, /src/views/artwork/ArtworkList.vue, /src/views/artwork/components/ArtworkFormDialog.vue, /src/views/die/DieList.vue, /src/views/components/PlateFormDialog.vue, /src/views/Dashboard.vue, /src/views/task/Stats.vue, /src/views/embossing-plate/EmbossingPlateList.vue, /src/views/dashboard/components/PendingPlateList.vue, /src/views/audit/AuditLogList.vue, /src/views/workorder/WorkOrderForm.vue, /src/views/workorder/components/CustomerSelector.vue, /src/views/task/AssignmentHistory.vue, /src/components/layout/AppHeader.vue, /src/views/process/ProcessList.vue, /src/views/finance/Payment.vue, /src/views/finance/components/PaymentStats.vue, /src/views/supplier/SupplierList.vue, /src/views/department/DepartmentList.vue, /src/views/task/AssignmentRule.vue, /src/components/dispatch/DepartmentPriorityPanel.vue, /src/views/finance/Invoice.vue, /src/views/finance/components/InvoiceStats.vue, /src/views/finance/Cost.vue, /src/views/finance/components/CostStats.vue, /src/views/inventory/Quality.vue, /src/views/inventory/components/QualityStats.vue, /src/views/inventory/components/QualityFormDialog.vue, /src/views/inventory/components/QualityDetailDialog.vue, /src/views/inventory/components/QualityInspectDialog.vue, /src/views/die/components/DieFormDialog.vue
08:37:11 [vite] (client) page reload src/auto-imports.d.ts
08:38:35 [vite] (client) page reload src/auto-imports.d.ts
08:39:57 [vite] (client) page reload src/auto-imports.d.ts
08:40:51 [vite] (client) page reload src/auto-imports.d.ts
08:50:17 [vite] (client) hmr update /src/components/common/ConfirmDialog.vue, /src/assets/styles/tailwindcss.css
08:50:26 [vite] (client) page reload src/auto-imports.d.ts
08:51:23 [vite] (client) hmr update /src/views/task/AssignmentRule.vue, /src/assets/styles/tailwindcss.css
08:51:32 [vite] (client) page reload src/auto-imports.d.ts
08:52:41 [vite] (client) page reload src/auto-imports.d.ts
08:52:41 [vite] (client) page reload src/auto-imports.d.ts
09:46:56 [vite] (client) hmr update /src/components/common/InputNumber.vue, /src/assets/styles/tailwindcss.css
09:46:57 [vite] (client) hmr update /src/components/common/CheckboxGroup.vue, /src/assets/styles/tailwindcss.css
09:46:57 [vite] (client) hmr update /src/components/common/Toggle.vue, /src/assets/styles/tailwindcss.css
09:47:05 [vite] (client) page reload src/auto-imports.d.ts
09:47:29 [vite] (client) hmr update /src/components/common/CheckboxGroup.vue, /src/assets/styles/tailwindcss.css
09:47:39 [vite] (client) page reload src/auto-imports.d.ts
09:48:54 [vite] (client) page reload src/auto-imports.d.ts
09:48:54 [vite] (client) page reload src/auto-imports.d.ts
09:58:55 [vite] (client) hmr update /src/components/common/Select.vue, /src/assets/styles/tailwindcss.css
09:59:04 [vite] (client) page reload src/auto-imports.d.ts
09:59:05 [vite] (client) page reload src/auto-imports.d.ts
09:59:30 [vite] (client) page reload src/auto-imports.d.ts
10:01:20 [vite] (client) page reload src/auto-imports.d.ts
10:03:07 [vite] (client) page reload src/auto-imports.d.ts
10:03:36 [vite] (client) page reload src/auto-imports.d.ts
10:40:05 [vite] (client) hmr update /src/views/department/DepartmentList.vue, /src/assets/styles/tailwindcss.css
10:40:15 [vite] (client) hmr update /src/views/department/DepartmentList.vue, /src/assets/styles/tailwindcss.css
10:40:26 [vite] (client) page reload src/auto-imports.d.ts
10:40:56 [vite] (client) page reload src/auto-imports.d.ts
10:41:47 [vite] (client) hmr update /src/views/material/MaterialList.vue, /src/assets/styles/tailwindcss.css
10:41:55 [vite] (client) page reload src/auto-imports.d.ts
10:42:22 [vite] (client) page reload src/auto-imports.d.ts
11:08:09 [vite] (client) hmr update /src/views/product-group/ProductGroupList.vue, /src/assets/styles/tailwindcss.css
11:08:17 [vite] (client) page reload src/auto-imports.d.ts
11:09:11 [vite] (client) page reload src/auto-imports.d.ts
11:09:23 [vite] (client) page reload src/auto-imports.d.ts
11:09:23 [vite] (client) page reload src/auto-imports.d.ts
11:09:24 [vite] (client) page reload src/auto-imports.d.ts
11:10:23 [vite] (client) hmr update /src/views/die/DieList.vue, /src/assets/styles/tailwindcss.css
11:10:51 [vite] (client) page reload src/auto-imports.d.ts
11:12:08 [vite] (client) hmr update /src/views/artwork/ArtworkList.vue, /src/assets/styles/tailwindcss.css
11:12:18 [vite] (client) page reload src/auto-imports.d.ts
11:12:46 [vite] (client) page reload src/auto-imports.d.ts
11:13:11 [vite] (client) hmr update /src/views/product-group/ProductGroupList.vue, /src/assets/styles/tailwindcss.css
11:13:24 [vite] (client) page reload src/auto-imports.d.ts
11:21:03 [vite] (client) page reload src/views/purchase/components/PurchaseFormDialog.vue
11:21:33 [vite] (client) page reload src/auto-imports.d.ts
11:21:33 [vite] (client) page reload src/auto-imports.d.ts
11:23:05 [vite] (client) page reload src/auto-imports.d.ts
11:23:06 [vite] (client) page reload src/auto-imports.d.ts
